// Jest Snapshot v1, https://goo.gl/fbAQLP

exports[`<Table/> component renders component: Initial 1`] = `
<div
  className="MuiBox-root css-8atqhb"
>
  <div
    className="MuiPaper-root MuiPaper-elevation MuiPaper-rounded MuiPaper-elevation1 css-1rwzrxk-MuiPaper-root"
  >
    <div
      className="MuiToolbar-root MuiToolbar-gutters MuiToolbar-regular css-pjjt8i-MuiToolbar-root"
    >
      <div
        className="MuiTypography-root MuiTypography-h6 css-2pbtu6-MuiTypography-root"
        id="tableTitle"
      >
        Credit Usage Table
      </div>
      <button
        aria-label="Reset list"
        aria-labelledby={null}
        className="MuiButtonBase-root MuiIconButton-root MuiIconButton-sizeMedium css-78trlr-MuiButtonBase-root-MuiIconButton-root"
        data-mui-internal-clone-element={true}
        disabled={false}
        onBlur={[Function]}
        onClick={[Function]}
        onContextMenu={[Function]}
        onDragLeave={[Function]}
        onFocus={[Function]}
        onKeyDown={[Function]}
        onKeyUp={[Function]}
        onMouseDown={[Function]}
        onMouseLeave={[Function]}
        onMouseOver={[Function]}
        onMouseUp={[Function]}
        onTouchEnd={[Function]}
        onTouchMove={[Function]}
        onTouchStart={[Function]}
        tabIndex={0}
        type="button"
      >
        <svg
          aria-hidden={true}
          className="MuiSvgIcon-root MuiSvgIcon-fontSizeMedium css-i4bv87-MuiSvgIcon-root"
          data-testid="FilterListIcon"
          focusable="false"
          viewBox="0 0 24 24"
        >
          <path
            d="M10 18h4v-2h-4zM3 6v2h18V6zm3 7h12v-2H6z"
          />
        </svg>
        <span
          className="MuiTouchRipple-root css-8je8zh-MuiTouchRipple-root"
        />
      </button>
    </div>
    <div
      className="MuiTableContainer-root css-18fq97s-MuiTableContainer-root"
    >
      <table
        aria-labelledby="tableTitle"
        className="MuiTable-root MuiTable-stickyHeader css-h6w51p-MuiTable-root"
        role={null}
      >
        <thead
          className="MuiTableHead-root css-15wwp11-MuiTableHead-root"
          role={null}
        >
          <tr
            className="MuiTableRow-root MuiTableRow-head css-1q1u3t4-MuiTableRow-root"
            role={null}
          >
            <th
              aria-sort={null}
              className="MuiTableCell-root MuiTableCell-head MuiTableCell-stickyHeader MuiTableCell-paddingCheckbox MuiTableCell-sizeMedium css-4u5463-MuiTableCell-root"
              scope="col"
            >
              <span
                className="MuiButtonBase-root MuiCheckbox-root MuiCheckbox-colorPrimary MuiCheckbox-sizeMedium PrivateSwitchBase-root MuiCheckbox-root MuiCheckbox-colorPrimary MuiCheckbox-sizeMedium MuiCheckbox-root MuiCheckbox-colorPrimary MuiCheckbox-sizeMedium css-12wnr2w-MuiButtonBase-root-MuiCheckbox-root"
                onBlur={[Function]}
                onContextMenu={[Function]}
                onDragLeave={[Function]}
                onFocus={[Function]}
                onKeyDown={[Function]}
                onKeyUp={[Function]}
                onMouseDown={[Function]}
                onMouseLeave={[Function]}
                onMouseUp={[Function]}
                onTouchEnd={[Function]}
                onTouchMove={[Function]}
                onTouchStart={[Function]}
                tabIndex={null}
              >
                <input
                  aria-label="select all desserts"
                  checked={false}
                  className="PrivateSwitchBase-input css-1m9pwf3"
                  data-indeterminate={false}
                  onChange={[Function]}
                  required={false}
                  type="checkbox"
                />
                <svg
                  aria-hidden={true}
                  className="MuiSvgIcon-root MuiSvgIcon-fontSizeMedium css-i4bv87-MuiSvgIcon-root"
                  data-testid="CheckBoxOutlineBlankIcon"
                  focusable="false"
                  viewBox="0 0 24 24"
                >
                  <path
                    d="M19 5v14H5V5h14m0-2H5c-1.1 0-2 .9-2 2v14c0 1.1.9 2 2 2h14c1.1 0 2-.9 2-2V5c0-1.1-.9-2-2-2z"
                  />
                </svg>
                <span
                  className="MuiTouchRipple-root css-8je8zh-MuiTouchRipple-root"
                />
              </span>
            </th>
            <th
              aria-sort={null}
              className="MuiTableCell-root MuiTableCell-head MuiTableCell-stickyHeader MuiTableCell-alignLeft MuiTableCell-sizeMedium css-y8ay40-MuiTableCell-root"
              scope="col"
            >
              <span
                aria-disabled={true}
                className="MuiButtonBase-root Mui-disabled MuiTableSortLabel-root css-1qgma8u-MuiButtonBase-root-MuiTableSortLabel-root"
                onBlur={[Function]}
                onClick={[Function]}
                onContextMenu={[Function]}
                onDragLeave={[Function]}
                onFocus={[Function]}
                onKeyDown={[Function]}
                onKeyUp={[Function]}
                onMouseDown={[Function]}
                onMouseLeave={[Function]}
                onMouseUp={[Function]}
                onTouchEnd={[Function]}
                onTouchMove={[Function]}
                onTouchStart={[Function]}
                role="button"
                tabIndex={-1}
              >
                Message ID
                <svg
                  aria-hidden={true}
                  className="MuiSvgIcon-root MuiSvgIcon-fontSizeMedium MuiTableSortLabel-icon MuiTableSortLabel-iconDirectionAsc css-1vweko9-MuiSvgIcon-root-MuiTableSortLabel-icon"
                  data-testid="ArrowDownwardIcon"
                  focusable="false"
                  viewBox="0 0 24 24"
                >
                  <path
                    d="M20 12l-1.41-1.41L13 16.17V4h-2v12.17l-5.58-5.59L4 12l8 8 8-8z"
                  />
                </svg>
              </span>
            </th>
            <th
              aria-sort={null}
              className="MuiTableCell-root MuiTableCell-head MuiTableCell-stickyHeader MuiTableCell-alignLeft MuiTableCell-sizeMedium css-y8ay40-MuiTableCell-root"
              scope="col"
            >
              <span
                aria-disabled={true}
                className="MuiButtonBase-root Mui-disabled MuiTableSortLabel-root css-1qgma8u-MuiButtonBase-root-MuiTableSortLabel-root"
                onBlur={[Function]}
                onClick={[Function]}
                onContextMenu={[Function]}
                onDragLeave={[Function]}
                onFocus={[Function]}
                onKeyDown={[Function]}
                onKeyUp={[Function]}
                onMouseDown={[Function]}
                onMouseLeave={[Function]}
                onMouseUp={[Function]}
                onTouchEnd={[Function]}
                onTouchMove={[Function]}
                onTouchStart={[Function]}
                role="button"
                tabIndex={-1}
              >
                Timestamp
                <svg
                  aria-hidden={true}
                  className="MuiSvgIcon-root MuiSvgIcon-fontSizeMedium MuiTableSortLabel-icon MuiTableSortLabel-iconDirectionAsc css-1vweko9-MuiSvgIcon-root-MuiTableSortLabel-icon"
                  data-testid="ArrowDownwardIcon"
                  focusable="false"
                  viewBox="0 0 24 24"
                >
                  <path
                    d="M20 12l-1.41-1.41L13 16.17V4h-2v12.17l-5.58-5.59L4 12l8 8 8-8z"
                  />
                </svg>
              </span>
            </th>
            <th
              aria-sort={null}
              className="MuiTableCell-root MuiTableCell-head MuiTableCell-stickyHeader MuiTableCell-alignLeft MuiTableCell-sizeMedium css-y8ay40-MuiTableCell-root"
              scope="col"
            >
              <span
                className="MuiButtonBase-root MuiTableSortLabel-root css-1qgma8u-MuiButtonBase-root-MuiTableSortLabel-root"
                onBlur={[Function]}
                onClick={[Function]}
                onContextMenu={[Function]}
                onDragLeave={[Function]}
                onFocus={[Function]}
                onKeyDown={[Function]}
                onKeyUp={[Function]}
                onMouseDown={[Function]}
                onMouseLeave={[Function]}
                onMouseUp={[Function]}
                onTouchEnd={[Function]}
                onTouchMove={[Function]}
                onTouchStart={[Function]}
                role="button"
                tabIndex={0}
              >
                Report Name
                <svg
                  aria-hidden={true}
                  className="MuiSvgIcon-root MuiSvgIcon-fontSizeMedium MuiTableSortLabel-icon MuiTableSortLabel-iconDirectionAsc css-1vweko9-MuiSvgIcon-root-MuiTableSortLabel-icon"
                  data-testid="ArrowDownwardIcon"
                  focusable="false"
                  viewBox="0 0 24 24"
                >
                  <path
                    d="M20 12l-1.41-1.41L13 16.17V4h-2v12.17l-5.58-5.59L4 12l8 8 8-8z"
                  />
                </svg>
              </span>
            </th>
            <th
              aria-sort="ascending"
              className="MuiTableCell-root MuiTableCell-head MuiTableCell-stickyHeader MuiTableCell-alignLeft MuiTableCell-sizeMedium css-y8ay40-MuiTableCell-root"
              scope="col"
            >
              <span
                className="MuiButtonBase-root MuiTableSortLabel-root Mui-active css-1qgma8u-MuiButtonBase-root-MuiTableSortLabel-root"
                onBlur={[Function]}
                onClick={[Function]}
                onContextMenu={[Function]}
                onDragLeave={[Function]}
                onFocus={[Function]}
                onKeyDown={[Function]}
                onKeyUp={[Function]}
                onMouseDown={[Function]}
                onMouseLeave={[Function]}
                onMouseUp={[Function]}
                onTouchEnd={[Function]}
                onTouchMove={[Function]}
                onTouchStart={[Function]}
                role="button"
                tabIndex={0}
              >
                Credits Used
                <span
                  className="MuiBox-root css-ty8jgw"
                >
                  sorted ascending
                </span>
                <svg
                  aria-hidden={true}
                  className="MuiSvgIcon-root MuiSvgIcon-fontSizeMedium MuiTableSortLabel-icon MuiTableSortLabel-iconDirectionAsc css-1vweko9-MuiSvgIcon-root-MuiTableSortLabel-icon"
                  data-testid="ArrowDownwardIcon"
                  focusable="false"
                  viewBox="0 0 24 24"
                >
                  <path
                    d="M20 12l-1.41-1.41L13 16.17V4h-2v12.17l-5.58-5.59L4 12l8 8 8-8z"
                  />
                </svg>
              </span>
            </th>
          </tr>
        </thead>
        <tbody
          className="MuiTableBody-root css-apqrd9-MuiTableBody-root"
          role={null}
        />
      </table>
    </div>
    <div
      className="MuiTablePagination-root css-jtlhu6-MuiTablePagination-root"
    >
      <div
        className="MuiToolbar-root MuiToolbar-gutters MuiToolbar-regular MuiTablePagination-toolbar css-78c6dr-MuiToolbar-root-MuiTablePagination-toolbar"
      >
        <div
          className="MuiTablePagination-spacer css-1psng7p-MuiTablePagination-spacer"
        />
        <p
          className="MuiTablePagination-selectLabel css-pdct74-MuiTablePagination-selectLabel"
          id=":r2:"
        >
          Rows per page:
        </p>
        <div
          className="MuiInputBase-root MuiInputBase-colorPrimary MuiTablePagination-input css-16c50h-MuiInputBase-root-MuiTablePagination-select"
          onClick={[Function]}
        >
          <div
            aria-controls=":r3:"
            aria-expanded="false"
            aria-haspopup="listbox"
            aria-labelledby=":r2: :r1:"
            className="MuiSelect-select MuiTablePagination-select MuiSelect-standard MuiInputBase-input css-194a1fa-MuiSelect-select-MuiInputBase-input"
            id=":r1:"
            onBlur={[Function]}
            onFocus={[Function]}
            onKeyDown={[Function]}
            onMouseDown={[Function]}
            role="combobox"
            tabIndex={0}
          >
            5
          </div>
          <input
            aria-hidden={true}
            aria-invalid={false}
            className="MuiSelect-nativeInput css-yf8vq0-MuiSelect-nativeInput"
            disabled={false}
            onAnimationStart={[Function]}
            onChange={[Function]}
            tabIndex={-1}
            value={5}
          />
          <svg
            aria-hidden={true}
            className="MuiSvgIcon-root MuiSvgIcon-fontSizeMedium MuiSelect-icon MuiTablePagination-selectIcon MuiSelect-iconStandard css-pqjvzy-MuiSvgIcon-root-MuiSelect-icon"
            data-testid="ArrowDropDownIcon"
            focusable="false"
            viewBox="0 0 24 24"
          >
            <path
              d="M7 10l5 5 5-5z"
            />
          </svg>
        </div>
        <p
          className="MuiTablePagination-displayedRows css-levciy-MuiTablePagination-displayedRows"
        >
          0–0 of 0
        </p>
        <div
          className="MuiTablePagination-actions"
        >
          <button
            aria-label="Go to previous page"
            className="MuiButtonBase-root Mui-disabled MuiIconButton-root Mui-disabled MuiIconButton-colorInherit MuiIconButton-sizeMedium css-zylse7-MuiButtonBase-root-MuiIconButton-root"
            disabled={true}
            onBlur={[Function]}
            onClick={[Function]}
            onContextMenu={[Function]}
            onDragLeave={[Function]}
            onFocus={[Function]}
            onKeyDown={[Function]}
            onKeyUp={[Function]}
            onMouseDown={[Function]}
            onMouseLeave={[Function]}
            onMouseUp={[Function]}
            onTouchEnd={[Function]}
            onTouchMove={[Function]}
            onTouchStart={[Function]}
            tabIndex={-1}
            title="Go to previous page"
            type="button"
          >
            <svg
              aria-hidden={true}
              className="MuiSvgIcon-root MuiSvgIcon-fontSizeMedium css-i4bv87-MuiSvgIcon-root"
              data-testid="KeyboardArrowLeftIcon"
              focusable="false"
              viewBox="0 0 24 24"
            >
              <path
                d="M15.41 16.09l-4.58-4.59 4.58-4.59L14 5.5l-6 6 6 6z"
              />
            </svg>
          </button>
          <button
            aria-label="Go to next page"
            className="MuiButtonBase-root Mui-disabled MuiIconButton-root Mui-disabled MuiIconButton-colorInherit MuiIconButton-sizeMedium css-zylse7-MuiButtonBase-root-MuiIconButton-root"
            disabled={true}
            onBlur={[Function]}
            onClick={[Function]}
            onContextMenu={[Function]}
            onDragLeave={[Function]}
            onFocus={[Function]}
            onKeyDown={[Function]}
            onKeyUp={[Function]}
            onMouseDown={[Function]}
            onMouseLeave={[Function]}
            onMouseUp={[Function]}
            onTouchEnd={[Function]}
            onTouchMove={[Function]}
            onTouchStart={[Function]}
            tabIndex={-1}
            title="Go to next page"
            type="button"
          >
            <svg
              aria-hidden={true}
              className="MuiSvgIcon-root MuiSvgIcon-fontSizeMedium css-i4bv87-MuiSvgIcon-root"
              data-testid="KeyboardArrowRightIcon"
              focusable="false"
              viewBox="0 0 24 24"
            >
              <path
                d="M8.59 16.34l4.58-4.59-4.58-4.59L10 5.75l6 6-6 6z"
              />
            </svg>
          </button>
        </div>
      </div>
    </div>
  </div>
</div>
`;
